[33mÔØ»[39m Building...
[32mÔ£ö[39m Building...
[1mInitial chunk files[22m[2m | [22m[1mNames[22m        [2m | [22m [1mRaw size[22m[2m | [22m[1mEstimated transfer size[22m
[32mmain-BAZ7FU2W.js[39m   [2m | [22m[2mmain[22m         [2m | [22m[36m311.19 kB[39m[2m | [22m               [36m78.74 kB[39m
[32mstyles-5J7EW2O4.css[39m[2m | [22m[2mstyles[22m       [2m | [22m [36m13.84 kB[39m[2m | [22m                [36m1.09 kB[39m

[1m [22m                  [2m | [22m[1mInitial total[22m[2m | [22m[1m325.03 kB[22m[2m | [22m               [1m79.83 kB[22m

Application bundle generation complete. [59.698 seconds] - 2026-04-04T22:28:36.663Z

node.exe : 
[1m[33m[33mÔû▓ [43;33m
[[43;30mWARNING[43;33m]
[0m [1mNG8113: 
RouterLink is not used 
within the template of 
BookListingComponent[0m 
[1m[35m[plugin 
angular-compiler][0m
At line:1 char:1
+ & "C:\Program 
Files\nodejs/node.exe" 
"C:\Program 
Files\nodejs/node_mo ...
+ ~~~~~~~~~~~~~~~~~~~~~~~~
~~~~~~~~~~~~~~~~~~~~~~~~~~
~~~~~~~~~~~~~~~~~~~
    + CategoryInfo        
      : NotSpecified: (  
  [1m[33m[33mÔ...r-co   
 mpiler][0m:String) [    
], RemoteException
    + FullyQualifiedError 
   Id : NativeCommandErr  
  or
 

    src/app/components/boo
k-listing/book-listing.com
ponent.ts:51:39:
[37m      51 Ôöé   
imports: [CommonModule, 
FormsModule, 
[32mRouterLink[37m, 
CatCountPipe],
         ÔòÁ              
                          
[32m~~~~~~~~~~[0m


[33mÔû▓ [43;33m[[43;30m
WARNING[43;33m][0m [1ms
rc/app/components/chatbot/
chatbot.component.css 
exceeded maximum budget. 
Budget 4.00 kB was not 
met by 1.13 kB with a 
total of 5.13 kB.[0m


[33mÔû▓ [43;33m[[43;30m
WARNING[43;33m][0m [1ms
rc/app/components/navbar/n
avbar.component.css 
exceeded maximum budget. 
Budget 4.00 kB was not 
met by 3.42 kB with a 
total of 7.42 kB.[0m


[33mÔû▓ [43;33m[[43;30m
WARNING[43;33m][0m [1ms
rc/app/components/book-lis
ting/book-listing.componen
t.css exceeded maximum 
budget. Budget 4.00 kB 
was not met by 2.61 kB 
with a total of 6.61 
kB.[0m

[39m[22m
Output location: D:\book-revive-frontend\dist\book-revive-frontend

